shivamkumar@shivams-Laptop folder1 % git init
Initialized empty Git repository in /Users/shivamkumar/Desktop/folder1/.git/
shivamkumar@shivams-Laptop folder1 % ls
shivamkumar@shivams-Laptop folder1 % ls -a
.	..	.git
shivamkumar@shivams-Laptop folder1 % ls .git
HEAD		description	info		refs
config		hooks		objects
shivamkumar@shivams-Laptop folder1 % louch names.txt
zsh: command not found: louch
shivamkumar@shivams-Laptop folder1 % touch names.txt
shivamkumar@shivams-Laptop folder1 % git stutus
git: 'stutus' is not a git command. See 'git --help'.

The most similar command is
	status
shivamkumar@shivams-Laptop folder1 % git status
On branch main

No commits yet

Untracked files:
  (use "git add <file>..." to include in what will be committed)
	names.txt

nothing added to commit but untracked files present (use "git add" to track)
shivamkumar@shivams-Laptop folder1 % git .commit
git: '.commit' is not a git command. See 'git --help'.

The most similar command is
	commit
shivamkumar@shivams-Laptop folder1 % git add .
shivamkumar@shivams-Laptop folder1 % git status
On branch main

No commits yet

Changes to be committed:
  (use "git rm --cached <file>..." to unstage)
	new file:   names.txt

shivamkumar@shivams-Laptop folder1 % git commit -m "changed"
[main (root-commit) f6b7059] changed
 Committer: shivam kumar <shivamkumar@shivams-Laptop.local>
Your name and email address were configured automatically based
on your username and hostname. Please check that they are accurate.
You can suppress this message by setting them explicitly. Run the
following command and follow the instructions in your editor to edit
your configuration file:

    git config --global --edit

After doing this, you may fix the identity used for this commit with:

    git commit --amend --reset-author

 1 file changed, 0 insertions(+), 0 deletions(-)
 create mode 100644 names.txt
shivamkumar@shivams-Laptop folder1 % git status
On branch main
nothing to commit, working tree clean
shivamkumar@shivams-Laptop folder1 % clear

shivamkumar@shivams-Laptop folder1 % vi names.txt






























































Rohit sharma
virat kohli
subhman gill
sreyash iyar
hardik pandya
kl rahul
~                                                                                                      
~                                                                                                      
~                                                                                                      
~                                                                                                      
~                                                                                                      
~                                                                                                      
~                                                                                                      
~                                                                                                      
~                                                                                                      
~                                                                                                      
~                                                                                                      
~                                                                                                      
~                                                                                                      
~                                                                                                      
~                                                                                                      
~                                                                                                      
~                                                                                                      
~                                                                                                      
~                                                                                                      
~                                                                                                      
~                                                                                                      
~                                                                                                      
~                                                                                                      
~                                                                                                      
~                                                                                                      
~                                                                                                      
~                                                                                                      
~                                                                                                      
~                                                                                                      
~                                                                                                      
~                                                                                                      
~                                                                                                      
~                                                                                                      
~                                                                                                      
~                                                                                                      
~                                                                                                      
~                                                                                                      
~                                                                                                      
~                                                                                                      
~                                                                                                      
~                                                                                                      
~                                                                                                      
~                                                                                                      
~                                                                                                      
~                                                                                                      
~                                                                                                      
~                                                                                                      
~                                                                                                      
~                                                                                                      
~                                                                                                      
~                                                                                                      
~                                                                                                      
~                                                                                                      
~                                                                                                      
~                                                                                                      
~                                                                                                      
-- INSERT --
